# *** Summary *********************************************
#     qrun: Errors:   0, Warnings:   0
#     vlog: Errors:   0, Warnings:   0
#     vopt: Errors:   0, Warnings:   3
#   Totals: Errors:   0, Warnings:   3
# ** Note: (vsim-220) 'C:/lscc/radiant/2026.1/questasim/win64/../modelsim.ini' is used as the ini file.
# vsim -L work -L pmi_work -L ovi_ice40up -t ns -lib qrun.out/work -wlf vsim.wlf -gui -do "view wave" -do "add wave /*" -statslog qrun.out/stats_log qrun_opt -suppress vsim-7033,vsim-8630,3009,3389 -appendlog -l qrun.log 
# Start time: 20:02:00 on Sep 08,2026
# Loading sv_std.std
# Loading work.counter_tb(fast)
# Loading work.counter(fast)
# view wave
# .main_pane.wave.interior.cs.body.pw.wf
# add wave /*
run 1000
vlog -reportprogress 300 -work work C:/Users/hmurphy/Documents/GitHub/E155-lab01/fpga/sim/counter_tb.sv
# Questa Lattice OEM Edition-64 vlog 2025.2 Compiler 2025.05 May 31 2025
# Start time: 20:04:11 on Sep 08,2026
# vlog -reportprogress 300 -work work C:/Users/hmurphy/Documents/GitHub/E155-lab01/fpga/sim/counter_tb.sv 
# ** Note: (vlog-220) 'C:/lscc/radiant/2026.1/questasim/win64/../modelsim.ini' is used as the ini file.
# ** Error: (vlib-35) Failed to create directory "C:/Users/hmurphy/Downloads/E155/lab1_murphy/lab1_sim/work".
# No such file or directory. (errno = ENOENT)
# Errors: 1, Warnings: 0
# ** Error: (vlib-35) Failed to create directory "C:/Users/hmurphy/Downloads/E155/lab1_murphy/lab1_sim/work".
# No such file or directory. (errno = ENOENT)
# Errors: 1, Warnings: 0
# ** Error (suppressible): (vlib-19) Failed to access library 'C:/Users/hmurphy/Downloads/E155/lab1_murphy/lab1_sim/work' at "C:/Users/hmurphy/Downloads/E155/lab1_murphy/lab1_sim/work".
# No such file or directory. (errno = ENOENT)
# End time: 20:04:11 on Sep 08,2026, Elapsed time: 0:00:00
# Errors: 1, Warnings: 0
# End time: 20:04:24 on Sep 08,2026, Elapsed time: 0:02:24
# Errors: 0, Warnings: 0
# *** Summary *********************************************
#     qrun: Errors:   0, Warnings:   0
#     vlog: Errors:   0, Warnings:   0
#     vopt: Errors:   0, Warnings:   3
#   Totals: Errors:   0, Warnings:   3
# ** Note: (vsim-220) 'C:/lscc/radiant/2026.1/questasim/win64/../modelsim.ini' is used as the ini file.
# vsim -L work -L pmi_work -L ovi_ice40up -t ns -lib qrun.out/work -wlf vsim.wlf -gui -do "view wave" -do "add wave /*" -statslog qrun.out/stats_log qrun_opt -suppress vsim-7033,vsim-8630,3009,3389 -appendlog -l qrun.log 
# Start time: 20:05:46 on Sep 08,2026
# Loading sv_std.std
# Loading work.counter_tb(fast)
# Loading work.counter(fast)
# view wave
# .main_pane.wave.interior.cs.body.pw.wf
# add wave /*
run 500
# ** Note: $finish    : C:/Users/hmurphy/Documents/GitHub/E155-lab01/fpga/sim/counter_tb.sv(87)
#    Time: 360 ns  Iteration: 0  Instance: /counter_tb
# 1
# Break in Module counter_tb at C:/Users/hmurphy/Documents/GitHub/E155-lab01/fpga/sim/counter_tb.sv line 87
# Causality operation skipped due to absence of debug database file
# End time: 20:06:47 on Sep 08,2026, Elapsed time: 0:01:01
# Errors: 0, Warnings: 0
# *** Summary *********************************************
#     qrun: Errors:   0, Warnings:   0
#     vlog: Errors:   0, Warnings:   0
#     vopt: Errors:   0, Warnings:   3
#   Totals: Errors:   0, Warnings:   3
# ** Note: (vsim-220) 'C:/lscc/radiant/2026.1/questasim/win64/../modelsim.ini' is used as the ini file.
# vsim -L work -L pmi_work -L ovi_ice40up -t ns -lib qrun.out/work -wlf vsim.wlf -gui -do "view wave" -do "add wave /*" -statslog qrun.out/stats_log qrun_opt -suppress vsim-7033,vsim-8630,3009,3389 -appendlog -l qrun.log 
# Start time: 20:18:26 on Sep 08,2026
# Loading sv_std.std
# Loading work.counter_tb(fast)
# Loading work.counter(fast)
# view wave
# .main_pane.wave.interior.cs.body.pw.wf
# add wave /*
run 600
# ** Note: $finish    : C:/Users/hmurphy/Documents/GitHub/E155-lab01/fpga/sim/counter_tb.sv(87)
#    Time: 360 ns  Iteration: 0  Instance: /counter_tb
# 1
# Break in Module counter_tb at C:/Users/hmurphy/Documents/GitHub/E155-lab01/fpga/sim/counter_tb.sv line 87
# Causality operation skipped due to absence of debug database file
# End time: 20:19:19 on Sep 08,2026, Elapsed time: 0:00:53
# Errors: 0, Warnings: 0
