-- Analyzing Verilog file 'C:/lscc/radiant/2026.1/cae_library/synthesis/verilog/iCE40UP.v' (VERI-1482)
-- Analyzing Verilog file 'C:/Users/hmurphy/Documents/GitHub/E155-lab01/fpga/radiant_project/counter.sv' (VERI-1482)
-- Analyzing Verilog file 'C:/Users/hmurphy/Documents/GitHub/E155-lab01/fpga/radiant_project/lab1_hm.sv' (VERI-1482)
-- Analyzing Verilog file 'C:/Users/hmurphy/Documents/GitHub/E155-lab01/fpga/radiant_project/seven_segment_decoder.sv' (VERI-1482)
-- Analyzing Verilog file 'C:/Users/hmurphy/Documents/GitHub/E155-lab01/fpga/sim/counter_tb.sv' (VERI-1482)
-- Analyzing Verilog file 'C:/Users/hmurphy/Documents/GitHub/E155-lab01/fpga/sim/lab1_hm_tb.sv' (VERI-1482)
-- Analyzing Verilog file 'C:/Users/hmurphy/Documents/GitHub/E155-lab01/fpga/sim/seven_segment_decoder_tb.sv' (VERI-1482)
-- Analyzing Verilog file 'C:/lscc/radiant/2026.1/cae_library/synthesis/verilog/iCE40UP.v' (VERI-1482)
-- Analyzing Verilog file 'C:/Users/hmurphy/Documents/GitHub/E155-lab01/fpga/radiant_project/counter.sv' (VERI-1482)
C:/Users/hmurphy/Documents/GitHub/E155-lab01/fpga/radiant_project/counter.sv(15): ERROR: syntax error near ''0' (VERI-1137)
ERROR <1009990> - Stopping Synthesis Tool flow due to error.
-- Verilog file 'C:/Users/hmurphy/Documents/GitHub/E155-lab01/fpga/radiant_project/counter.sv' ignored due to errors (VERI-1483)
-- Analyzing Verilog file 'C:/Users/hmurphy/Documents/GitHub/E155-lab01/fpga/radiant_project/lab1_hm.sv' (VERI-1482)
-- Analyzing Verilog file 'C:/Users/hmurphy/Documents/GitHub/E155-lab01/fpga/radiant_project/seven_segment_decoder.sv' (VERI-1482)
-- Analyzing Verilog file 'C:/Users/hmurphy/Documents/GitHub/E155-lab01/fpga/sim/counter_tb.sv' (VERI-1482)
-- Analyzing Verilog file 'C:/Users/hmurphy/Documents/GitHub/E155-lab01/fpga/sim/lab1_hm_tb.sv' (VERI-1482)
-- Analyzing Verilog file 'C:/Users/hmurphy/Documents/GitHub/E155-lab01/fpga/sim/seven_segment_decoder_tb.sv' (VERI-1482)
-- Analyzing Verilog file 'C:/lscc/radiant/2026.1/cae_library/synthesis/verilog/iCE40UP.v' (VERI-1482)
-- Analyzing Verilog file 'C:/Users/hmurphy/Documents/GitHub/E155-lab01/fpga/radiant_project/counter.sv' (VERI-1482)
-- Analyzing Verilog file 'C:/Users/hmurphy/Documents/GitHub/E155-lab01/fpga/radiant_project/lab1_hm.sv' (VERI-1482)
-- Analyzing Verilog file 'C:/Users/hmurphy/Documents/GitHub/E155-lab01/fpga/radiant_project/seven_segment_decoder.sv' (VERI-1482)
-- Analyzing Verilog file 'C:/Users/hmurphy/Documents/GitHub/E155-lab01/fpga/sim/seven_segment_decoder_tb.sv' (VERI-1482)
-- Analyzing Verilog file 'C:/Users/hmurphy/Documents/GitHub/E155-lab01/fpga/sim/lab1_hm_tb.sv' (VERI-1482)
-- Analyzing Verilog file 'C:/Users/hmurphy/Documents/GitHub/E155-lab01/fpga/sim/counter_tb.sv' (VERI-1482)
-- Analyzing Verilog file 'C:/lscc/radiant/2026.1/cae_library/synthesis/verilog/iCE40UP.v' (VERI-1482)
-- Analyzing Verilog file 'C:/Users/hmurphy/Documents/GitHub/E155-lab01/fpga/radiant_project/counter.sv' (VERI-1482)
-- Analyzing Verilog file 'C:/Users/hmurphy/Documents/GitHub/E155-lab01/fpga/radiant_project/lab1_hm.sv' (VERI-1482)
-- Analyzing Verilog file 'C:/Users/hmurphy/Documents/GitHub/E155-lab01/fpga/radiant_project/seven_segment_decoder.sv' (VERI-1482)
-- Analyzing Verilog file 'C:/Users/hmurphy/Documents/GitHub/E155-lab01/fpga/sim/seven_segment_decoder_tb.sv' (VERI-1482)
-- Analyzing Verilog file 'C:/Users/hmurphy/Documents/GitHub/E155-lab01/fpga/sim/lab1_hm_tb.sv' (VERI-1482)
-- Analyzing Verilog file 'C:/Users/hmurphy/Documents/GitHub/E155-lab01/fpga/sim/counter_tb.sv' (VERI-1482)
-- Analyzing Verilog file 'C:/lscc/radiant/2026.1/cae_library/synthesis/verilog/iCE40UP.v' (VERI-1482)
-- Analyzing Verilog file 'C:/Users/hmurphy/Documents/GitHub/E155-lab01/fpga/radiant_project/counter.sv' (VERI-1482)
-- Analyzing Verilog file 'C:/Users/hmurphy/Documents/GitHub/E155-lab01/fpga/radiant_project/lab1_hm.sv' (VERI-1482)
-- Analyzing Verilog file 'C:/Users/hmurphy/Documents/GitHub/E155-lab01/fpga/radiant_project/seven_segment_decoder.sv' (VERI-1482)
-- Analyzing Verilog file 'C:/Users/hmurphy/Documents/GitHub/E155-lab01/fpga/sim/seven_segment_decoder_tb.sv' (VERI-1482)
-- Analyzing Verilog file 'C:/Users/hmurphy/Documents/GitHub/E155-lab01/fpga/sim/lab1_hm_tb.sv' (VERI-1482)
-- Analyzing Verilog file 'C:/Users/hmurphy/Documents/GitHub/E155-lab01/fpga/sim/counter_tb.sv' (VERI-1482)
-- Analyzing Verilog file 'C:/lscc/radiant/2026.1/cae_library/synthesis/verilog/iCE40UP.v' (VERI-1482)
-- Analyzing Verilog file 'C:/Users/hmurphy/Documents/GitHub/E155-lab01/fpga/radiant_project/counter.sv' (VERI-1482)
-- Analyzing Verilog file 'C:/Users/hmurphy/Documents/GitHub/E155-lab01/fpga/radiant_project/lab1_hm.sv' (VERI-1482)
-- Analyzing Verilog file 'C:/Users/hmurphy/Documents/GitHub/E155-lab01/fpga/radiant_project/seven_segment_decoder.sv' (VERI-1482)
-- Analyzing Verilog file 'C:/Users/hmurphy/Documents/GitHub/E155-lab01/fpga/sim/seven_segment_decoder_tb.sv' (VERI-1482)
-- Analyzing Verilog file 'C:/Users/hmurphy/Documents/GitHub/E155-lab01/fpga/sim/lab1_hm_tb.sv' (VERI-1482)
-- Analyzing Verilog file 'C:/Users/hmurphy/Documents/GitHub/E155-lab01/fpga/sim/counter_tb.sv' (VERI-1482)
-- Analyzing Verilog file 'C:/lscc/radiant/2026.1/cae_library/synthesis/verilog/iCE40UP.v' (VERI-1482)
-- Analyzing Verilog file 'C:/Users/hmurphy/Documents/GitHub/E155-lab01/fpga/radiant_project/counter.sv' (VERI-1482)
-- Analyzing Verilog file 'C:/Users/hmurphy/Documents/GitHub/E155-lab01/fpga/radiant_project/lab1_hm.sv' (VERI-1482)
-- Analyzing Verilog file 'C:/Users/hmurphy/Documents/GitHub/E155-lab01/fpga/radiant_project/seven_segment_decoder.sv' (VERI-1482)
-- Analyzing Verilog file 'C:/Users/hmurphy/Documents/GitHub/E155-lab01/fpga/sim/seven_segment_decoder_tb.sv' (VERI-1482)
-- Analyzing Verilog file 'C:/Users/hmurphy/Documents/GitHub/E155-lab01/fpga/sim/lab1_hm_tb.sv' (VERI-1482)
-- Analyzing Verilog file 'C:/Users/hmurphy/Documents/GitHub/E155-lab01/fpga/sim/counter_tb.sv' (VERI-1482)
-- Analyzing Verilog file 'C:/lscc/radiant/2026.1/cae_library/synthesis/verilog/iCE40UP.v' (VERI-1482)
-- Analyzing Verilog file 'C:/Users/hmurphy/Documents/GitHub/E155-lab01/fpga/radiant_project/counter.sv' (VERI-1482)
-- Analyzing Verilog file 'C:/Users/hmurphy/Documents/GitHub/E155-lab01/fpga/radiant_project/lab1_hm.sv' (VERI-1482)
-- Analyzing Verilog file 'C:/Users/hmurphy/Documents/GitHub/E155-lab01/fpga/radiant_project/seven_segment_decoder.sv' (VERI-1482)
-- Analyzing Verilog file 'C:/Users/hmurphy/Documents/GitHub/E155-lab01/fpga/sim/seven_segment_decoder_tb.sv' (VERI-1482)
-- Analyzing Verilog file 'C:/Users/hmurphy/Documents/GitHub/E155-lab01/fpga/sim/lab1_hm_tb.sv' (VERI-1482)
-- Analyzing Verilog file 'C:/Users/hmurphy/Documents/GitHub/E155-lab01/fpga/sim/counter_tb.sv' (VERI-1482)
-- Analyzing Verilog file 'C:/lscc/radiant/2026.1/cae_library/synthesis/verilog/iCE40UP.v' (VERI-1482)
-- Analyzing Verilog file 'C:/Users/hmurphy/Documents/GitHub/E155-lab01/fpga/radiant_project/counter.sv' (VERI-1482)
-- Analyzing Verilog file 'C:/Users/hmurphy/Documents/GitHub/E155-lab01/fpga/radiant_project/lab1_hm.sv' (VERI-1482)
-- Analyzing Verilog file 'C:/Users/hmurphy/Documents/GitHub/E155-lab01/fpga/radiant_project/seven_segment_decoder.sv' (VERI-1482)
-- Analyzing Verilog file 'C:/Users/hmurphy/Documents/GitHub/E155-lab01/fpga/sim/seven_segment_decoder_tb.sv' (VERI-1482)
-- Analyzing Verilog file 'C:/Users/hmurphy/Documents/GitHub/E155-lab01/fpga/sim/lab1_hm_tb.sv' (VERI-1482)
-- Analyzing Verilog file 'C:/Users/hmurphy/Documents/GitHub/E155-lab01/fpga/sim/counter_tb.sv' (VERI-1482)
-- Analyzing Verilog file 'C:/lscc/radiant/2026.1/cae_library/synthesis/verilog/iCE40UP.v' (VERI-1482)
-- Analyzing Verilog file 'C:/Users/hmurphy/Documents/GitHub/E155-lab01/fpga/radiant_project/counter.sv' (VERI-1482)
-- Analyzing Verilog file 'C:/Users/hmurphy/Documents/GitHub/E155-lab01/fpga/radiant_project/lab1_hm.sv' (VERI-1482)
-- Analyzing Verilog file 'C:/Users/hmurphy/Documents/GitHub/E155-lab01/fpga/radiant_project/seven_segment_decoder.sv' (VERI-1482)
-- Analyzing Verilog file 'C:/Users/hmurphy/Documents/GitHub/E155-lab01/fpga/sim/seven_segment_decoder_tb.sv' (VERI-1482)
-- Analyzing Verilog file 'C:/Users/hmurphy/Documents/GitHub/E155-lab01/fpga/sim/lab1_hm_tb.sv' (VERI-1482)
-- Analyzing Verilog file 'C:/Users/hmurphy/Documents/GitHub/E155-lab01/fpga/sim/counter_tb.sv' (VERI-1482)
